# ---------------------------------------------------------------------------
# Created on Sun Feb 23 15:03:04 EST 2025 with report_failfast (2023.09.14)
# ---------------------------------------------------------------------------

 +---------------------------------------------------------------------------------------------------------------------------------------------------+
 | Clock Buffers (BUFGCE / BUFGCE_DIV / BUFGCTRL)                                                                                                    |
 +-------------+----------------------------------------------------+-----------------------------------+-------+--------+---------------------------+
 | Driver Type | Driver Pin                                         | Net                               | Slack | Fanout | Load Pins                 |
 +-------------+----------------------------------------------------+-----------------------------------+-------+--------+---------------------------+
 | BUFGCE      | bd_0_i/hls_inst/inst/ap_rst_n_inv_reg_bufg_place/O | bd_0_i/hls_inst/inst/ap_rst_n_inv | 1.787 | 1955   | FDRE/R (1944) FDSE/S (11) |
 +-------------+----------------------------------------------------+-----------------------------------+-------+--------+---------------------------+
